Java HotSpot(TM) 64-Bit Server VM (25.172-b11) for windows-amd64 JRE (1.8.0_172-b11), built on Mar 28 2018 21:21:52 by "java_re" with MS VC++ 10.0 (VS2010)
Memory: 4k page, physical 16596272k(8413488k free), swap 20790576k(8399212k free)
CommandLine flags: -XX:InitialHeapSize=265540352 -XX:MaxHeapSize=10737418240 -XX:+PrintGC -XX:+PrintGCDetails -XX:+PrintGCTimeStamps -XX:+UseCompressedClassPointers -XX:+UseCompressedOops -XX:-UseLargePagesIndividualAllocation -XX:+UseParallelGC 
0.139: [GC (Allocation Failure) [PSYoungGen: 65024K->576K(75776K)] 65024K->584K(249344K), 0.0013745 secs] [Times: user=0.00 sys=0.00, real=0.00 secs] 
0.168: [GC (Allocation Failure) [PSYoungGen: 65600K->528K(75776K)] 65608K->536K(249344K), 0.0009467 secs] [Times: user=0.00 sys=0.00, real=0.00 secs] 
0.198: [GC (Allocation Failure) [PSYoungGen: 65552K->528K(75776K)] 65560K->544K(249344K), 0.0005112 secs] [Times: user=0.00 sys=0.00, real=0.00 secs] 
0.226: [GC (Allocation Failure) [PSYoungGen: 65552K->496K(140800K)] 65568K->512K(314368K), 0.0015941 secs] [Times: user=0.00 sys=0.00, real=0.00 secs] 
0.296: [GC (Allocation Failure) [PSYoungGen: 130544K->496K(140800K)] 130560K->512K(314368K), 0.0010837 secs] [Times: user=0.00 sys=0.00, real=0.00 secs] 
0.351: [GC (Allocation Failure) [PSYoungGen: 130544K->528K(261120K)] 130560K->544K(434688K), 0.0007032 secs] [Times: user=0.00 sys=0.00, real=0.00 secs] 
0.490: [GC (Allocation Failure) [PSYoungGen: 260624K->0K(261120K)] 260640K->476K(434688K), 0.0012282 secs] [Times: user=0.01 sys=0.00, real=0.00 secs] 
0.603: [GC (Allocation Failure) [PSYoungGen: 260096K->0K(521216K)] 260572K->476K(694784K), 0.0005419 secs] [Times: user=0.00 sys=0.00, real=0.00 secs] 
0.881: [GC (Allocation Failure) [PSYoungGen: 520192K->32K(521216K)] 520668K->508K(694784K), 0.0011913 secs] [Times: user=0.00 sys=0.00, real=0.00 secs] 
1.093: [GC (Allocation Failure) [PSYoungGen: 520224K->480K(497664K)] 520700K->964K(671232K), 0.0008845 secs] [Times: user=0.00 sys=0.00, real=0.00 secs] 
1.303: [GC (Allocation Failure) [PSYoungGen: 497632K->0K(476672K)] 498116K->852K(650240K), 0.0007979 secs] [Times: user=0.00 sys=0.00, real=0.00 secs] 
1.507: [GC (Allocation Failure) [PSYoungGen: 475648K->0K(455680K)] 476500K->852K(629248K), 0.0005935 secs] [Times: user=0.00 sys=0.00, real=0.00 secs] 
1.693: [GC (Allocation Failure) [PSYoungGen: 455168K->0K(436736K)] 456020K->852K(610304K), 0.0009847 secs] [Times: user=0.00 sys=0.00, real=0.00 secs] 
1.874: [GC (Allocation Failure) [PSYoungGen: 435712K->0K(417280K)] 436564K->852K(590848K), 0.0005987 secs] [Times: user=0.00 sys=0.00, real=0.00 secs] 
2.048: [GC (Allocation Failure) [PSYoungGen: 416768K->32K(399872K)] 417620K->884K(573440K), 0.0007345 secs] [Times: user=0.00 sys=0.00, real=0.00 secs] 
2.221: [GC (Allocation Failure) [PSYoungGen: 398880K->32K(382464K)] 399732K->884K(556032K), 0.0007686 secs] [Times: user=0.00 sys=0.00, real=0.00 secs] 
2.383: [GC (Allocation Failure) [PSYoungGen: 381984K->0K(367104K)] 382836K->852K(540672K), 0.0008453 secs] [Times: user=0.00 sys=0.00, real=0.00 secs] 
2.533: [GC (Allocation Failure) [PSYoungGen: 366080K->32K(351232K)] 366932K->884K(524800K), 0.0005540 secs] [Times: user=0.00 sys=0.00, real=0.00 secs] 
2.676: [GC (Allocation Failure) [PSYoungGen: 350752K->0K(337408K)] 351604K->852K(510976K), 0.0008334 secs] [Times: user=0.00 sys=0.00, real=0.00 secs] 
2.812: [GC (Allocation Failure) [PSYoungGen: 336384K->0K(323072K)] 337236K->852K(496640K), 0.0005103 secs] [Times: user=0.00 sys=0.00, real=0.00 secs] 
2.945: [GC (Allocation Failure) [PSYoungGen: 322560K->0K(310272K)] 323412K->852K(483840K), 0.0007714 secs] [Times: user=0.00 sys=0.00, real=0.00 secs] 
3.070: [GC (Allocation Failure) [PSYoungGen: 309248K->0K(297472K)] 310100K->852K(471040K), 0.0005084 secs] [Times: user=0.00 sys=0.00, real=0.00 secs] 
3.191: [GC (Allocation Failure) [PSYoungGen: 296960K->0K(286208K)] 297812K->852K(459776K), 0.0008329 secs] [Times: user=0.00 sys=0.00, real=0.00 secs] 
3.310: [GC (Allocation Failure) [PSYoungGen: 285184K->0K(274432K)] 286036K->852K(448000K), 0.0007538 secs] [Times: user=0.00 sys=0.00, real=0.00 secs] 
3.424: [GC (Allocation Failure) [PSYoungGen: 273920K->0K(264192K)] 274772K->852K(437760K), 0.0003771 secs] [Times: user=0.00 sys=0.00, real=0.00 secs] 
3.532: [GC (Allocation Failure) [PSYoungGen: 263168K->0K(253440K)] 264020K->852K(427008K), 0.0004855 secs] [Times: user=0.00 sys=0.00, real=0.00 secs] 
3.642: [GC (Allocation Failure) [PSYoungGen: 252928K->0K(243712K)] 253780K->852K(417280K), 0.0006522 secs] [Times: user=0.00 sys=0.00, real=0.00 secs] 
3.744: [GC (Allocation Failure) [PSYoungGen: 243200K->0K(234496K)] 244052K->852K(408064K), 0.0007608 secs] [Times: user=0.00 sys=0.00, real=0.00 secs] 
3.842: [GC (Allocation Failure) [PSYoungGen: 233984K->0K(225792K)] 234836K->852K(399360K), 0.0006324 secs] [Times: user=0.00 sys=0.00, real=0.00 secs] 
3.939: [GC (Allocation Failure) [PSYoungGen: 225280K->0K(217088K)] 226132K->852K(390656K), 0.0004836 secs] [Times: user=0.00 sys=0.00, real=0.00 secs] 
4.030: [GC (Allocation Failure) [PSYoungGen: 216576K->0K(208896K)] 217428K->852K(382464K), 0.0006907 secs] [Times: user=0.00 sys=0.00, real=0.00 secs] 
4.116: [GC (Allocation Failure) [PSYoungGen: 208384K->0K(201216K)] 209236K->852K(374784K), 0.0005628 secs] [Times: user=0.00 sys=0.00, real=0.00 secs] 
4.199: [GC (Allocation Failure) [PSYoungGen: 200704K->0K(194048K)] 201556K->852K(367616K), 0.0004685 secs] [Times: user=0.00 sys=0.00, real=0.00 secs] 
4.283: [GC (Allocation Failure) [PSYoungGen: 193536K->0K(186880K)] 194388K->852K(360448K), 0.0004185 secs] [Times: user=0.00 sys=0.00, real=0.00 secs] 
4.360: [GC (Allocation Failure) [PSYoungGen: 186368K->32K(180224K)] 187220K->884K(353792K), 0.0006111 secs] [Times: user=0.00 sys=0.00, real=0.00 secs] 
4.439: [GC (Allocation Failure) [PSYoungGen: 179744K->0K(174080K)] 180596K->852K(347648K), 0.0004801 secs] [Times: user=0.00 sys=0.00, real=0.00 secs] 
4.513: [GC (Allocation Failure) [PSYoungGen: 173568K->0K(167936K)] 174420K->852K(341504K), 0.0007187 secs] [Times: user=0.00 sys=0.00, real=0.00 secs] 
4.582: [GC (Allocation Failure) [PSYoungGen: 167424K->0K(162304K)] 168276K->852K(335872K), 0.0008569 secs] [Times: user=0.00 sys=0.00, real=0.00 secs] 
4.652: [GC (Allocation Failure) [PSYoungGen: 161792K->0K(156672K)] 162644K->852K(330240K), 0.0005092 secs] [Times: user=0.00 sys=0.00, real=0.00 secs] 
4.716: [GC (Allocation Failure) [PSYoungGen: 156160K->0K(151552K)] 157012K->852K(325120K), 0.0004544 secs] [Times: user=0.00 sys=0.00, real=0.00 secs] 
4.778: [GC (Allocation Failure) [PSYoungGen: 151040K->0K(146432K)] 151892K->852K(320000K), 0.0008060 secs] [Times: user=0.00 sys=0.00, real=0.00 secs] 
4.838: [GC (Allocation Failure) [PSYoungGen: 145920K->32K(141824K)] 146772K->884K(315392K), 0.0004379 secs] [Times: user=0.00 sys=0.00, real=0.00 secs] 
4.898: [GC (Allocation Failure) [PSYoungGen: 141344K->0K(137216K)] 142196K->852K(310784K), 0.0005758 secs] [Times: user=0.00 sys=0.00, real=0.00 secs] 
4.955: [GC (Allocation Failure) [PSYoungGen: 136704K->0K(132608K)] 137556K->852K(306176K), 0.0006669 secs] [Times: user=0.00 sys=0.00, real=0.00 secs] 
5.009: [GC (Allocation Failure) [PSYoungGen: 132096K->0K(128512K)] 132948K->852K(302080K), 0.0006512 secs] [Times: user=0.00 sys=0.00, real=0.00 secs] 
5.062: [GC (Allocation Failure) [PSYoungGen: 128000K->0K(156672K)] 128852K->852K(330240K), 0.0008620 secs] [Times: user=0.00 sys=0.00, real=0.00 secs] 
5.128: [GC (Allocation Failure) [PSYoungGen: 156160K->0K(151552K)] 157012K->852K(325120K), 0.0005293 secs] [Times: user=0.00 sys=0.00, real=0.00 secs] 
5.191: [GC (Allocation Failure) [PSYoungGen: 151040K->32K(184832K)] 151892K->884K(358400K), 0.0008308 secs] [Times: user=0.00 sys=0.00, real=0.00 secs] 
5.266: [GC (Allocation Failure) [PSYoungGen: 184352K->0K(223744K)] 185204K->852K(397312K), 0.0008539 secs] [Times: user=0.00 sys=0.00, real=0.00 secs] 
5.361: [GC (Allocation Failure) [PSYoungGen: 223232K->0K(215552K)] 224084K->852K(389120K), 0.0007684 secs] [Times: user=0.00 sys=0.00, real=0.00 secs] 
5.452: [GC (Allocation Failure) [PSYoungGen: 215040K->32K(207360K)] 215892K->884K(380928K), 0.0006090 secs] [Times: user=0.00 sys=0.00, real=0.00 secs] 
5.536: [GC (Allocation Failure) [PSYoungGen: 206880K->0K(199680K)] 207732K->852K(373248K), 0.0006662 secs] [Times: user=0.00 sys=0.00, real=0.00 secs] 
5.619: [GC (Allocation Failure) [PSYoungGen: 199168K->32K(192512K)] 200020K->884K(366080K), 0.0008141 secs] [Times: user=0.00 sys=0.00, real=0.00 secs] 
5.702: [GC (Allocation Failure) [PSYoungGen: 192032K->32K(185344K)] 192884K->884K(358912K), 0.0009544 secs] [Times: user=0.00 sys=0.00, real=0.00 secs] 
5.780: [GC (Allocation Failure) [PSYoungGen: 184864K->32K(178688K)] 185716K->884K(352256K), 0.0004277 secs] [Times: user=0.00 sys=0.00, real=0.00 secs] 
5.856: [GC (Allocation Failure) [PSYoungGen: 178208K->0K(172544K)] 179060K->852K(346112K), 0.0004950 secs] [Times: user=0.00 sys=0.00, real=0.00 secs] 
5.931: [GC (Allocation Failure) [PSYoungGen: 172032K->0K(166400K)] 172884K->852K(339968K), 0.0008148 secs] [Times: user=0.00 sys=0.00, real=0.00 secs] 
6.001: [GC (Allocation Failure) [PSYoungGen: 165888K->0K(160768K)] 166740K->852K(334336K), 0.0007140 secs] [Times: user=0.00 sys=0.00, real=0.00 secs] 
6.069: [GC (Allocation Failure) [PSYoungGen: 160256K->0K(155136K)] 161108K->852K(328704K), 0.0006699 secs] [Times: user=0.00 sys=0.00, real=0.00 secs] 
6.135: [GC (Allocation Failure) [PSYoungGen: 154624K->0K(150016K)] 155476K->852K(323584K), 0.0005984 secs] [Times: user=0.00 sys=0.00, real=0.00 secs] 
6.198: [GC (Allocation Failure) [PSYoungGen: 149504K->32K(144896K)] 150356K->884K(318464K), 0.0004972 secs] [Times: user=0.00 sys=0.00, real=0.00 secs] 
6.260: [GC (Allocation Failure) [PSYoungGen: 144416K->0K(140288K)] 145268K->852K(313856K), 0.0007654 secs] [Times: user=0.00 sys=0.00, real=0.00 secs] 
6.320: [GC (Allocation Failure) [PSYoungGen: 139776K->0K(135680K)] 140628K->852K(309248K), 0.0007779 secs] [Times: user=0.00 sys=0.00, real=0.00 secs] 
6.378: [GC (Allocation Failure) [PSYoungGen: 135168K->0K(131584K)] 136020K->852K(305152K), 0.0006253 secs] [Times: user=0.00 sys=0.00, real=0.00 secs] 
6.436: [GC (Allocation Failure) [PSYoungGen: 131072K->0K(127488K)] 131924K->852K(301056K), 0.0004873 secs] [Times: user=0.00 sys=0.00, real=0.00 secs] 
6.490: [GC (Allocation Failure) [PSYoungGen: 126976K->0K(123392K)] 127828K->852K(296960K), 0.0005915 secs] [Times: user=0.01 sys=0.00, real=0.00 secs] 
6.542: [GC (Allocation Failure) [PSYoungGen: 122880K->0K(147968K)] 123732K->852K(321536K), 0.0008230 secs] [Times: user=0.00 sys=0.00, real=0.00 secs] 
6.604: [GC (Allocation Failure) [PSYoungGen: 147456K->0K(177664K)] 148308K->852K(351232K), 0.0008732 secs] [Times: user=0.00 sys=0.00, real=0.00 secs] 
6.680: [GC (Allocation Failure) [PSYoungGen: 177152K->0K(213504K)] 178004K->852K(387072K), 0.0008959 secs] [Times: user=0.00 sys=0.00, real=0.00 secs] 
6.772: [GC (Allocation Failure) [PSYoungGen: 212992K->0K(205824K)] 213844K->852K(379392K), 0.0004386 secs] [Times: user=0.00 sys=0.00, real=0.00 secs] 
6.859: [GC (Allocation Failure) [PSYoungGen: 205312K->0K(198144K)] 206164K->852K(371712K), 0.0008848 secs] [Times: user=0.00 sys=0.00, real=0.00 secs] 
6.944: [GC (Allocation Failure) [PSYoungGen: 197632K->0K(190976K)] 198484K->852K(364544K), 0.0004746 secs] [Times: user=0.00 sys=0.00, real=0.00 secs] 
7.026: [GC (Allocation Failure) [PSYoungGen: 190464K->32K(184320K)] 191316K->884K(357888K), 0.0008676 secs] [Times: user=0.00 sys=0.00, real=0.00 secs] 
7.104: [GC (Allocation Failure) [PSYoungGen: 183840K->0K(177664K)] 184692K->852K(351232K), 0.0007730 secs] [Times: user=0.00 sys=0.00, real=0.00 secs] 
7.180: [GC (Allocation Failure) [PSYoungGen: 177152K->0K(171520K)] 178004K->852K(345088K), 0.0005118 secs] [Times: user=0.00 sys=0.00, real=0.00 secs] 
7.255: [GC (Allocation Failure) [PSYoungGen: 171008K->0K(165376K)] 171860K->852K(338944K), 0.0002447 secs] [Times: user=0.00 sys=0.00, real=0.00 secs] 
7.330: [GC (Allocation Failure) [PSYoungGen: 164864K->32K(159744K)] 165716K->884K(333312K), 0.0009829 secs] [Times: user=0.00 sys=0.00, real=0.00 secs] 
7.403: [GC (Allocation Failure) [PSYoungGen: 159264K->0K(154112K)] 160116K->852K(327680K), 0.0004776 secs] [Times: user=0.00 sys=0.00, real=0.00 secs] 
7.469: [GC (Allocation Failure) [PSYoungGen: 153600K->0K(148992K)] 154452K->852K(322560K), 0.0007317 secs] [Times: user=0.00 sys=0.00, real=0.00 secs] 
7.532: [GC (Allocation Failure) [PSYoungGen: 148480K->32K(143872K)] 149332K->884K(317440K), 0.0008704 secs] [Times: user=0.00 sys=0.00, real=0.00 secs] 
7.595: [GC (Allocation Failure) [PSYoungGen: 143392K->32K(139264K)] 144244K->884K(312832K), 0.0007258 secs] [Times: user=0.00 sys=0.00, real=0.00 secs] 
7.654: [GC (Allocation Failure) [PSYoungGen: 138784K->0K(134656K)] 139636K->852K(308224K), 0.0004736 secs] [Times: user=0.00 sys=0.00, real=0.00 secs] 
7.710: [GC (Allocation Failure) [PSYoungGen: 134144K->0K(130560K)] 134996K->852K(304128K), 0.0005060 secs] [Times: user=0.00 sys=0.00, real=0.00 secs] 
7.765: [GC (Allocation Failure) [PSYoungGen: 130048K->32K(126464K)] 130900K->884K(300032K), 0.0006123 secs] [Times: user=0.00 sys=0.00, real=0.00 secs] 
7.822: [GC (Allocation Failure) [PSYoungGen: 125984K->0K(152064K)] 126836K->852K(325632K), 0.0007453 secs] [Times: user=0.00 sys=0.00, real=0.00 secs] 
7.886: [GC (Allocation Failure) [PSYoungGen: 151551K->0K(146944K)] 152404K->852K(320512K), 0.0004654 secs] [Times: user=0.00 sys=0.00, real=0.00 secs] 
7.949: [GC (Allocation Failure) [PSYoungGen: 146432K->32K(142336K)] 147284K->884K(315904K), 0.0005605 secs] [Times: user=0.00 sys=0.00, real=0.00 secs] 
8.008: [GC (Allocation Failure) [PSYoungGen: 141856K->0K(137728K)] 142708K->852K(311296K), 0.0006907 secs] [Times: user=0.00 sys=0.00, real=0.00 secs] 
8.065: [GC (Allocation Failure) [PSYoungGen: 137216K->0K(165376K)] 138068K->852K(338944K), 0.0007492 secs] [Times: user=0.00 sys=0.00, real=0.00 secs] 
8.133: [GC (Allocation Failure) [PSYoungGen: 164864K->0K(198656K)] 165716K->852K(372224K), 0.0007060 secs] [Times: user=0.00 sys=0.00, real=0.00 secs] 
8.228: [GC (Allocation Failure) [PSYoungGen: 198144K->0K(238592K)] 198996K->852K(412160K), 0.0011504 secs] [Times: user=0.00 sys=0.00, real=0.00 secs] 
8.330: [GC (Allocation Failure) [PSYoungGen: 238080K->0K(229376K)] 238932K->852K(402944K), 0.0004265 secs] [Times: user=0.00 sys=0.00, real=0.00 secs] 
8.429: [GC (Allocation Failure) [PSYoungGen: 228864K->0K(220672K)] 229716K->852K(394240K), 0.0007349 secs] [Times: user=0.00 sys=0.00, real=0.00 secs] 
8.533: [GC (Allocation Failure) [PSYoungGen: 220160K->0K(212480K)] 221012K->852K(386048K), 0.0006479 secs] [Times: user=0.00 sys=0.00, real=0.00 secs] 
8.620: [GC (Allocation Failure) [PSYoungGen: 211968K->0K(204800K)] 212820K->852K(378368K), 0.0007394 secs] [Times: user=0.00 sys=0.00, real=0.00 secs] 
8.705: [GC (Allocation Failure) [PSYoungGen: 204288K->32K(197120K)] 205140K->884K(370688K), 0.0007399 secs] [Times: user=0.00 sys=0.00, real=0.00 secs] 
8.786: [GC (Allocation Failure) [PSYoungGen: 196640K->0K(189952K)] 197492K->852K(363520K), 0.0004777 secs] [Times: user=0.00 sys=0.00, real=0.00 secs] 
8.864: [GC (Allocation Failure) [PSYoungGen: 189440K->32K(183296K)] 190292K->884K(356864K), 0.0008736 secs] [Times: user=0.00 sys=0.00, real=0.00 secs] 
8.941: [GC (Allocation Failure) [PSYoungGen: 182816K->32K(176640K)] 183668K->884K(350208K), 0.0005640 secs] [Times: user=0.00 sys=0.00, real=0.00 secs] 
9.013: [GC (Allocation Failure) [PSYoungGen: 176160K->0K(170496K)] 177012K->852K(344064K), 0.0004865 secs] [Times: user=0.00 sys=0.00, real=0.00 secs] 
9.083: [GC (Allocation Failure) [PSYoungGen: 169984K->32K(164352K)] 170836K->884K(337920K), 0.0008343 secs] [Times: user=0.00 sys=0.00, real=0.00 secs] 
9.151: [GC (Allocation Failure) [PSYoungGen: 163872K->0K(158720K)] 164724K->852K(332288K), 0.0005598 secs] [Times: user=0.00 sys=0.00, real=0.00 secs] 
9.217: [GC (Allocation Failure) [PSYoungGen: 158208K->0K(153600K)] 159060K->852K(327168K), 0.0005353 secs] [Times: user=0.00 sys=0.00, real=0.00 secs] 
9.279: [GC (Allocation Failure) [PSYoungGen: 153088K->0K(148480K)] 153940K->852K(322048K), 0.0009085 secs] [Times: user=0.00 sys=0.00, real=0.00 secs] 
9.340: [GC (Allocation Failure) [PSYoungGen: 147968K->32K(143360K)] 148820K->884K(316928K), 0.0006403 secs] [Times: user=0.00 sys=0.00, real=0.00 secs] 
9.403: [GC (Allocation Failure) [PSYoungGen: 142880K->0K(138752K)] 143732K->852K(312320K), 0.0006447 secs] [Times: user=0.00 sys=0.00, real=0.00 secs] 
9.462: [GC (Allocation Failure) [PSYoungGen: 138240K->32K(166400K)] 139092K->884K(339968K), 0.0008243 secs] [Times: user=0.00 sys=0.00, real=0.00 secs] 
9.530: [GC (Allocation Failure) [PSYoungGen: 165920K->0K(199680K)] 166772K->852K(373248K), 0.0007914 secs] [Times: user=0.00 sys=0.00, real=0.00 secs] 
9.612: [GC (Allocation Failure) [PSYoungGen: 199168K->32K(192512K)] 200020K->884K(366080K), 0.0005190 secs] [Times: user=0.00 sys=0.00, real=0.00 secs] 
9.695: [GC (Allocation Failure) [PSYoungGen: 192032K->0K(185344K)] 192884K->852K(358912K), 0.0006389 secs] [Times: user=0.00 sys=0.00, real=0.00 secs] 
9.774: [GC (Allocation Failure) [PSYoungGen: 184832K->0K(178688K)] 185684K->852K(352256K), 0.0005120 secs] [Times: user=0.00 sys=0.00, real=0.00 secs] 
9.850: [GC (Allocation Failure) [PSYoungGen: 178176K->0K(172544K)] 179028K->852K(346112K), 0.0004842 secs] [Times: user=0.00 sys=0.00, real=0.00 secs] 
9.924: [GC (Allocation Failure) [PSYoungGen: 172032K->32K(166400K)] 172884K->884K(339968K), 0.0008506 secs] [Times: user=0.00 sys=0.00, real=0.00 secs] 
9.995: [GC (Allocation Failure) [PSYoungGen: 165920K->32K(160768K)] 166772K->884K(334336K), 0.0006720 secs] [Times: user=0.00 sys=0.00, real=0.00 secs] 
10.063: [GC (Allocation Failure) [PSYoungGen: 160288K->32K(155136K)] 161140K->884K(328704K), 0.0005488 secs] [Times: user=0.00 sys=0.00, real=0.00 secs] 
10.129: [GC (Allocation Failure) [PSYoungGen: 154656K->0K(150016K)] 155508K->852K(323584K), 0.0005636 secs] [Times: user=0.00 sys=0.00, real=0.00 secs] 
10.194: [GC (Allocation Failure) [PSYoungGen: 149504K->0K(144896K)] 150356K->852K(318464K), 0.0006503 secs] [Times: user=0.00 sys=0.00, real=0.00 secs] 
10.255: [GC (Allocation Failure) [PSYoungGen: 144384K->0K(140288K)] 145236K->852K(313856K), 0.0003715 secs] [Times: user=0.00 sys=0.00, real=0.00 secs] 
10.315: [GC (Allocation Failure) [PSYoungGen: 139776K->0K(135680K)] 140628K->852K(309248K), 0.0007605 secs] [Times: user=0.00 sys=0.00, real=0.00 secs] 
10.374: [GC (Allocation Failure) [PSYoungGen: 135168K->0K(131584K)] 136020K->852K(305152K), 0.0006584 secs] [Times: user=0.00 sys=0.00, real=0.00 secs] 
10.436: [GC (Allocation Failure) [PSYoungGen: 131072K->0K(127488K)] 131924K->852K(301056K), 0.0008250 secs] [Times: user=0.00 sys=0.00, real=0.00 secs] 
10.491: [GC (Allocation Failure) [PSYoungGen: 126976K->0K(123392K)] 127828K->852K(296960K), 0.0005803 secs] [Times: user=0.00 sys=0.02, real=0.00 secs] 
10.544: [GC (Allocation Failure) [PSYoungGen: 122880K->0K(147968K)] 123732K->852K(321536K), 0.0006799 secs] [Times: user=0.00 sys=0.00, real=0.00 secs] 
10.608: [GC (Allocation Failure) [PSYoungGen: 147456K->0K(177664K)] 148308K->852K(351232K), 0.0007469 secs] [Times: user=0.00 sys=0.00, real=0.00 secs] 
10.687: [GC (Allocation Failure) [PSYoungGen: 177152K->0K(213504K)] 178004K->852K(387072K), 0.0008174 secs] [Times: user=0.00 sys=0.00, real=0.00 secs] 
10.779: [GC (Allocation Failure) [PSYoungGen: 212992K->0K(205824K)] 213844K->852K(379392K), 0.0007363 secs] [Times: user=0.00 sys=0.00, real=0.00 secs] 
10.867: [GC (Allocation Failure) [PSYoungGen: 205312K->0K(198144K)] 206164K->852K(371712K), 0.0008499 secs] [Times: user=0.00 sys=0.00, real=0.00 secs] 
10.956: [GC (Allocation Failure) [PSYoungGen: 197632K->0K(190976K)] 198484K->852K(364544K), 0.0006930 secs] [Times: user=0.00 sys=0.00, real=0.00 secs] 
11.038: [GC (Allocation Failure) [PSYoungGen: 190464K->32K(184320K)] 191316K->884K(357888K), 0.0006867 secs] [Times: user=0.00 sys=0.00, real=0.00 secs] 
11.119: [GC (Allocation Failure) [PSYoungGen: 183840K->0K(177664K)] 184692K->852K(351232K), 0.0007846 secs] [Times: user=0.00 sys=0.00, real=0.00 secs] 
11.197: [GC (Allocation Failure) [PSYoungGen: 177152K->0K(171520K)] 178004K->852K(345088K), 0.0006799 secs] [Times: user=0.00 sys=0.00, real=0.00 secs] 
11.271: [GC (Allocation Failure) [PSYoungGen: 171008K->0K(165376K)] 171860K->852K(338944K), 0.0005435 secs] [Times: user=0.00 sys=0.00, real=0.00 secs] 
11.341: [GC (Allocation Failure) [PSYoungGen: 164864K->32K(159744K)] 165716K->884K(333312K), 0.0007667 secs] [Times: user=0.00 sys=0.00, real=0.00 secs] 
11.412: [GC (Allocation Failure) [PSYoungGen: 159264K->0K(154112K)] 160116K->852K(327680K), 0.0005751 secs] [Times: user=0.00 sys=0.00, real=0.00 secs] 
11.478: [GC (Allocation Failure) [PSYoungGen: 153600K->0K(148992K)] 154452K->852K(322560K), 0.0004939 secs] [Times: user=0.00 sys=0.00, real=0.00 secs] 
11.541: [GC (Allocation Failure) [PSYoungGen: 148480K->32K(143872K)] 149332K->884K(317440K), 0.0007810 secs] [Times: user=0.00 sys=0.00, real=0.00 secs] 
11.602: [GC (Allocation Failure) [PSYoungGen: 143392K->32K(139264K)] 144244K->884K(312832K), 0.0005939 secs] [Times: user=0.00 sys=0.00, real=0.00 secs] 
11.661: [GC (Allocation Failure) [PSYoungGen: 138784K->0K(134656K)] 139636K->852K(308224K), 0.0005201 secs] [Times: user=0.00 sys=0.00, real=0.00 secs] 
11.718: [GC (Allocation Failure) [PSYoungGen: 134144K->0K(161792K)] 134996K->852K(335360K), 0.0009419 secs] [Times: user=0.00 sys=0.00, real=0.00 secs] 
11.787: [GC (Allocation Failure) [PSYoungGen: 161280K->32K(194048K)] 162132K->884K(367616K), 0.0006471 secs] [Times: user=0.00 sys=0.00, real=0.00 secs] 
